// Jest Snapshot v1, https://goo.gl/fbAQLP

exports[`renders without crashing 1`] = `
<div
  className="App"
>
  <div
    className="App-header"
  >
    <img
      alt="logo"
      className="App-logo"
      src="logo.png"
    />
    <h2>
      Palet
    </h2>
  </div>
  <p
    className="App-intro"
  >
    Cliquez sur 'Prendre une photo' ou sur 'Exemple'.
  </p>
  <div />
  <div>
    <label
      htmlFor="selectImageButton"
      style={
        Object {
          "MozAppearance": "push-button",
          "WebkitAppearance": "push-button",
          "appearance": "push-button",
          "lineHeight": "16px",
          "margin": ".2em",
          "padding": ".2em .4em",
        }
      }
    >
      Prendre une photo
    </label>
    <input
      accept="image/*"
      capture="camera"
      id="selectImageButton"
      name="image"
      onChange={[Function]}
      style={
        Object {
          "display": "none",
        }
      }
      type="file"
    />
  </div>
  <button
    onClick={[Function]}
  >
    Exemple
  </button>
</div>
`;
